[debug] [2026-09-30T06:56:11.329Z] ----------------------------------------------------------------------
[debug] [2026-09-30T06:56:11.331Z] Command:       C:\Users\user\Documents\AI technology\node.exe C:\Users\user\AppData\Roaming\npm\node_modules\firebase-tools\lib\bin\firebase.js init
[debug] [2026-09-30T06:56:11.332Z] CLI Version:   15.32.0
[debug] [2026-09-30T06:56:11.332Z] Platform:      win32
[debug] [2026-09-30T06:56:11.332Z] Node Version:  v26.7.0
[debug] [2026-09-30T06:56:11.332Z] Detected Agent: unknown
[debug] [2026-09-30T06:56:11.332Z] Time:          Wed Sep 30 2026 12:26:11 GMT+0530 (India Standard Time)
[debug] [2026-09-30T06:56:11.332Z] ----------------------------------------------------------------------
[debug] 
[info] 
     ######## #### ########  ######## ########     ###     ######  ########
     ##        ##  ##     ## ##       ##     ##  ##   ##  ##       ##
     ######    ##  ########  ######   ########  #########  ######  ######
     ##        ##  ##    ##  ##       ##     ## ##     ##       ## ##
     ##       #### ##     ## ######## ########  ##     ##  ######  ########

You're about to initialize a Firebase project in this directory:

  C:\Users\user\Documents\Page

[info] 
=== Project Setup
[info] 
[info] First, let's associate this project directory with a Firebase project.
[info] You can create multiple project aliases by running firebase use --add, 
[info] 
[debug] [2026-09-30T06:58:10.053Z] > command requires scopes: ["email","openid","https://www.googleapis.com/auth/cloudplatformprojects.readonly","https://www.googleapis.com/auth/firebase","https://www.googleapis.com/auth/cloud-platform"]
[debug] [2026-09-30T06:58:10.054Z] > authorizing via signed-in user (omsreeari@gmail.com)
[debug] [2026-09-30T06:58:10.073Z] Checked if tokens are valid: true, expires at: 1790754922698
[debug] [2026-09-30T06:58:10.073Z] Checked if tokens are valid: true, expires at: 1790754922698
[debug] [2026-09-30T06:58:10.076Z] >>> [apiv2][query] GET https://firebase.googleapis.com/v1beta1/projects pageSize=100
[debug] [2026-09-30T06:58:20.760Z] *** [apiv2] error from fetch(https://firebase.googleapis.com/v1beta1/projects?pageSize=100, {"headers":{},"method":"GET","signal":{}}): ConnectTimeoutError: Connect Timeout Error (attempted addresses: 2001:4860:4845:400:::443, timeout: 10000ms)
[debug] [2026-09-30T06:58:20.762Z] Failed to make request to https://firebase.googleapis.com/v1beta1/projects?pageSize=100
[debug] [2026-09-30T06:58:25.790Z] Error: Timed out.
    at Timeout._onTimeout (C:\Users\user\AppData\Roaming\npm\node_modules\firebase-tools\lib\utils.js:299:49)
    at listOnTimeout (node:internal/timers:685:17)
    at process.processTimers (node:internal/timers:618:7)
[error] 
[error] Error: An unexpected error has occurred.
[debug] [2026-09-30T06:58:39.499Z] ----------------------------------------------------------------------
[debug] [2026-09-30T06:58:39.502Z] Command:       C:\Users\user\Documents\AI technology\node.exe C:\Users\user\AppData\Roaming\npm\node_modules\firebase-tools\lib\bin\firebase.js init
[debug] [2026-09-30T06:58:39.503Z] CLI Version:   15.32.0
[debug] [2026-09-30T06:58:39.503Z] Platform:      win32
[debug] [2026-09-30T06:58:39.503Z] Node Version:  v26.7.0
[debug] [2026-09-30T06:58:39.503Z] Detected Agent: unknown
[debug] [2026-09-30T06:58:39.503Z] Time:          Wed Sep 30 2026 12:28:39 GMT+0530 (India Standard Time)
[debug] [2026-09-30T06:58:39.503Z] ----------------------------------------------------------------------
[debug] 
[info] 
     ######## #### ########  ######## ########     ###     ######  ########
     ##        ##  ##     ## ##       ##     ##  ##   ##  ##       ##
     ######    ##  ########  ######   ########  #########  ######  ######
     ##        ##  ##    ##  ##       ##     ## ##     ##       ## ##
     ##       #### ##     ## ######## ########  ##     ##  ######  ########

You're about to initialize a Firebase project in this directory:

  C:\Users\user\Documents\Page

[info] 
=== Project Setup
[info] 
[info] First, let's associate this project directory with a Firebase project.
[info] You can create multiple project aliases by running firebase use --add, 
[info] 
[debug] [2026-09-30T06:58:55.721Z] > command requires scopes: ["email","openid","https://www.googleapis.com/auth/cloudplatformprojects.readonly","https://www.googleapis.com/auth/firebase","https://www.googleapis.com/auth/cloud-platform"]
[debug] [2026-09-30T06:58:55.722Z] > authorizing via signed-in user (omsreeari@gmail.com)
[debug] [2026-09-30T06:58:55.754Z] Checked if tokens are valid: true, expires at: 1790754922698
[debug] [2026-09-30T06:58:55.755Z] Checked if tokens are valid: true, expires at: 1790754922698
[debug] [2026-09-30T06:58:55.757Z] >>> [apiv2][query] GET https://firebase.googleapis.com/v1beta1/projects pageSize=100
[debug] [2026-09-30T06:59:06.408Z] *** [apiv2] error from fetch(https://firebase.googleapis.com/v1beta1/projects?pageSize=100, {"headers":{},"method":"GET","signal":{}}): ConnectTimeoutError: Connect Timeout Error (attempted addresses: 2001:4860:4845:400:::443, 172.217.115.4:443, 2001:4860:4841:400:::443, 172.217.118.4:443, timeout: 10000ms)
[debug] [2026-09-30T06:59:06.409Z] Failed to make request to https://firebase.googleapis.com/v1beta1/projects?pageSize=100
[debug] [2026-09-30T06:59:11.429Z] Error: Timed out.
    at Timeout._onTimeout (C:\Users\user\AppData\Roaming\npm\node_modules\firebase-tools\lib\utils.js:299:49)
    at listOnTimeout (node:internal/timers:685:17)
    at process.processTimers (node:internal/timers:618:7)
[error] 
[error] Error: An unexpected error has occurred.
[debug] [2026-09-30T06:59:23.202Z] ----------------------------------------------------------------------
[debug] [2026-09-30T06:59:23.205Z] Command:       C:\Users\user\Documents\AI technology\node.exe C:\Users\user\AppData\Roaming\npm\node_modules\firebase-tools\lib\bin\firebase.js init
[debug] [2026-09-30T06:59:23.205Z] CLI Version:   15.32.0
[debug] [2026-09-30T06:59:23.205Z] Platform:      win32
[debug] [2026-09-30T06:59:23.205Z] Node Version:  v26.7.0
[debug] [2026-09-30T06:59:23.205Z] Detected Agent: unknown
[debug] [2026-09-30T06:59:23.205Z] Time:          Wed Sep 30 2026 12:29:23 GMT+0530 (India Standard Time)
[debug] [2026-09-30T06:59:23.205Z] ----------------------------------------------------------------------
[debug] 
[info] 
     ######## #### ########  ######## ########     ###     ######  ########
     ##        ##  ##     ## ##       ##     ##  ##   ##  ##       ##
     ######    ##  ########  ######   ########  #########  ######  ######
     ##        ##  ##    ##  ##       ##     ## ##     ##       ## ##
     ##       #### ##     ## ######## ########  ##     ##  ######  ########

You're about to initialize a Firebase project in this directory:

  C:\Users\user\Documents\Page

[debug] [2026-09-30T06:59:32.079Z] Error: Timed out.
    at Timeout._onTimeout (C:\Users\user\AppData\Roaming\npm\node_modules\firebase-tools\lib\utils.js:299:49)
    at listOnTimeout (node:internal/timers:685:17)
    at process.processTimers (node:internal/timers:618:7)
[error] 
[error] Error: An unexpected error has occurred.
[debug] [2026-09-30T06:59:37.088Z] ----------------------------------------------------------------------
[debug] [2026-09-30T06:59:37.091Z] Command:       C:\Users\user\Documents\AI technology\node.exe C:\Users\user\AppData\Roaming\npm\node_modules\firebase-tools\lib\bin\firebase.js init
[debug] [2026-09-30T06:59:37.091Z] CLI Version:   15.32.0
[debug] [2026-09-30T06:59:37.091Z] Platform:      win32
[debug] [2026-09-30T06:59:37.091Z] Node Version:  v26.7.0
[debug] [2026-09-30T06:59:37.091Z] Detected Agent: unknown
[debug] [2026-09-30T06:59:37.091Z] Time:          Wed Sep 30 2026 12:29:37 GMT+0530 (India Standard Time)
[debug] [2026-09-30T06:59:37.092Z] ----------------------------------------------------------------------
[debug] 
[info] 
     ######## #### ########  ######## ########     ###     ######  ########
     ##        ##  ##     ## ##       ##     ##  ##   ##  ##       ##
     ######    ##  ########  ######   ########  #########  ######  ######
     ##        ##  ##    ##  ##       ##     ## ##     ##       ## ##
     ##       #### ##     ## ######## ########  ##     ##  ######  ########

You're about to initialize a Firebase project in this directory:

  C:\Users\user\Documents\Page

[info] 
=== Project Setup
[info] 
[info] First, let's associate this project directory with a Firebase project.
[info] You can create multiple project aliases by running firebase use --add, 
[info] 
[info] i  If you want to create a project in a Google Cloud organization or folder, please use "firebase projects:create" instead, and return to this command when you've created the project. 
[debug] [2026-09-30T06:59:50.001Z] > command requires scopes: ["email","openid","https://www.googleapis.com/auth/cloudplatformprojects.readonly","https://www.googleapis.com/auth/firebase","https://www.googleapis.com/auth/cloud-platform"]
[debug] [2026-09-30T06:59:50.001Z] > authorizing via signed-in user (omsreeari@gmail.com)
[debug] [2026-09-30T07:03:29.792Z] ExitPromptError: User force closed the prompt with SIGINT
    at Interface.sigint (C:\Users\user\AppData\Roaming\npm\node_modules\firebase-tools\node_modules\@inquirer\core\dist\commonjs\lib\create-prompt.js:101:37)
    at Interface.emit (node:events:514:20)
    at [_ttyWrite] [as _ttyWrite] (node:internal/readline/interface:1343:18)
    at ReadStream.onkeypress (node:internal/readline/interface:289:20)
    at ReadStream.emit (node:events:526:24)
    at emitKeys (node:internal/readline/utils:371:14)
    at emitKeys.next (<anonymous>)
    at ReadStream.onData (node:internal/readline/emitKeypressEvents:64:36)
    at ReadStream.emit (node:events:514:20)
    at addChunk (node:internal/streams/readable:568:12)
[error] 
[error] Error: An unexpected error has occurred.
[debug] [2026-09-30T07:03:34.215Z] ----------------------------------------------------------------------
[debug] [2026-09-30T07:03:34.217Z] Command:       C:\Users\user\Documents\AI technology\node.exe C:\Users\user\AppData\Roaming\npm\node_modules\firebase-tools\lib\bin\firebase.js init
[debug] [2026-09-30T07:03:34.218Z] CLI Version:   15.32.0
[debug] [2026-09-30T07:03:34.218Z] Platform:      win32
[debug] [2026-09-30T07:03:34.218Z] Node Version:  v26.7.0
[debug] [2026-09-30T07:03:34.218Z] Detected Agent: unknown
[debug] [2026-09-30T07:03:34.218Z] Time:          Wed Sep 30 2026 12:33:34 GMT+0530 (India Standard Time)
[debug] [2026-09-30T07:03:34.218Z] ----------------------------------------------------------------------
[debug] 
[info] 
     ######## #### ########  ######## ########     ###     ######  ########
     ##        ##  ##     ## ##       ##     ##  ##   ##  ##       ##
     ######    ##  ########  ######   ########  #########  ######  ######
     ##        ##  ##    ##  ##       ##     ## ##     ##       ## ##
     ##       #### ##     ## ######## ########  ##     ##  ######  ########

You're about to initialize a Firebase project in this directory:

  C:\Users\user\Documents\Page

[info] 
=== Project Setup
[info] 
[info] First, let's associate this project directory with a Firebase project.
[info] You can create multiple project aliases by running firebase use --add, 
[info] 
[debug] [2026-09-30T07:03:46.053Z] > command requires scopes: ["email","openid","https://www.googleapis.com/auth/cloudplatformprojects.readonly","https://www.googleapis.com/auth/firebase","https://www.googleapis.com/auth/cloud-platform"]
[debug] [2026-09-30T07:03:46.053Z] > authorizing via signed-in user (omsreeari@gmail.com)
[debug] [2026-09-30T07:03:46.074Z] Checked if tokens are valid: true, expires at: 1790754922698
[debug] [2026-09-30T07:03:46.075Z] Checked if tokens are valid: true, expires at: 1790754922698
[debug] [2026-09-30T07:03:46.076Z] >>> [apiv2][query] GET https://firebase.googleapis.com/v1beta1/projects pageSize=100
[debug] [2026-09-30T07:03:47.375Z] <<< [apiv2][status] GET https://firebase.googleapis.com/v1beta1/projects 200
[debug] [2026-09-30T07:03:47.375Z] <<< [apiv2][body] GET https://firebase.googleapis.com/v1beta1/projects [omitted]
[info] 
=== Hosting Setup
[debug] [2026-09-30T07:03:51.143Z] Checked if tokens are valid: true, expires at: 1790754922698
[debug] [2026-09-30T07:03:51.143Z] Checked if tokens are valid: true, expires at: 1790754922698
[debug] [2026-09-30T07:03:51.143Z] >>> [apiv2][query] GET https://firebase.googleapis.com/v1beta1/projects/student-management-e0f42 [none]
[debug] [2026-09-30T07:03:51.652Z] <<< [apiv2][status] GET https://firebase.googleapis.com/v1beta1/projects/student-management-e0f42 200
[debug] [2026-09-30T07:03:51.652Z] <<< [apiv2][body] GET https://firebase.googleapis.com/v1beta1/projects/student-management-e0f42 {"projectId":"student-management-e0f42","projectNumber":"1040522708242","displayName":"student-management","name":"projects/student-management-e0f42","resources":{"hostingSite":"student-management-e0f42"},"state":"ACTIVE","labels":{"firebase":"enabled"},"etag":"1_64b57855-0fc3-42d8-94a7-64d1fc67a473"}
[info] 
[info] Your public directory is the folder (relative to your project directory) that
[info] will contain Hosting assets to be uploaded with firebase deploy. If you
[info] have a build process for your assets, use your build's output directory.
[info] 
[info] 
[info] i  Didn't detect a .git folder. Assuming C:\Users\user\Documents\Page is the project root. 
[info] i  Authorizing with GitHub to upload your service account to a GitHub repository's secrets store. 
[info] 
[info] Visit this URL on this device to log in:
[info] https://github.com/login/oauth/authorize?client_id=89cf50f02ac6aaed3484&state=970885330&redirect_uri=http%3A%2F%2Flocalhost%3A9005&scope=read%3Auser%20repo%20public_repo
[info] 
[info] Waiting for authentication...
